// Jest Snapshot v1, https://goo.gl/fbAQLP

exports[`Logo should contain h1 element with the correct styles 1`] = `
.c0 {
  margin-bottom: 0;
}

.c1 {
  font-size: 1.5rem;
  color: inherit;
  font-family: inherit;
  font-weight: 500;
  line-height: 1.2;
  margin-bottom: .5rem;
}

<h1
  className="c0 c1"
>
  BreezeJS
</h1>
`;

exports[`Logo should render 1`] = `
<Styled(Component)
  component="h1"
  variant="h4"
>
  BreezeJS
</Styled(Component)>
`;
